Lo que pretendo es ver las dependencias de un paquete directas o inversas respecto de lo que tengo instalado, mayormente de forma maual.
La chicha de primeras parece ser extraer los paquetes limpios de la lista de dependencias: apt depends|rdepends nombrePaquete
Luego habría que ver si están instalados y si manual o automático.

1. Ejecutar el comando, haciendo grep sobre "Depende:" y quedarnos con la columna 2?
$ apt depends libaprutil1 | grep Depende | awk '{print $2}'

2. Recorrer la lista comprobando si está instalado
$ for p in $(apt depends libaprutil1 | grep Depende | awk '{print $2}'); do INS=$(dpkg -l $p | grep ^ii| wc -l); printf "Paquete %s\n" "$p $INS"; done
  if [ $INS -gt 0 ]; then printf "Paquete %s\n" "$p Instalado"; fi
  for p in $(apt depends libaprutil1 | grep Depende | awk '{print $2}'); do INS=$(dpkg -l $p | grep ^ii| wc -l); if [ $INS -gt 0 ];  printf "Paquete %s\n" "$p Instalado"; fi; done

$ $ for p in $(apt rdepends libaprutil1 | grep Depende | awk '{print $2}'); do INS=$(dpkg -l $p | grep ^ii| wc -l); if [ $INS -gt 0 ]; then printf "Paquete %s\n" "$p Instalado"; fi done 2>/dev/null

Desglosado:
$ for p in $(apt rdepends libaprutil1 | grep Depende | awk '{print $2}'); do 
	INS=$(dpkg -l $p | grep ^ii| wc -l); 
	if [ $INS -gt 0 ]; then 
		printf "Paquete %s\n" "$p Instalado"; 
	fi 
done 2>/dev/null

3. Comprobar si la instalación es manual
  	if [ $INS -gt 0 ]; then printf "Paquete %s\n" "$p Instalado"; fi	
	for p in $(apt rdepends apache2 | grep Depende | awk '{print $2}'); do INS=$(dpkg -l $p | grep ^ii| wc -l); if [ $INS -gt 0 ]; then MAN=$(apt-mark showmanual $p); printf "Paquete %s\n" "$p Manual:$MAN"; fi done 2>/dev/null

$ for p in $(apt rdepends libaprutil1 | grep Depende | awk '{print $2}'); do INS=$(dpkg -l $p | grep ^ii| wc -l); if [ $INS -gt 0 ]; then MAN=$(apt-mark showauto $p|wc -l); printf "%s: %s \t %s\n" Auto $MAN $p; fi done 2>/dev/null

$ for p in $(apt rdepends libaprutil1 | grep Depende | awk '{print $2}'); do INS=$(dpkg -l $p | grep ^ii| wc -l); if [ $INS -gt 0 ]; then MAN=$(apt-mark showauto $p|wc -l); printf "%s:%s  %s\n" Auto $MAN $p; fi done 2>/dev/null

jose@sat1:~$ dpkg -l libaprutil1
Deseado=desconocido(U)/Instalar/eliminaR/Purgar/retener(H)
| Estado=No/Inst/ficheros-Conf/desempaqUetado/medio-conF/medio-inst(H)/espera-disparo(W)/pendienTe-disparo
|/ Err?=(ninguno)/requiere-Reinst (Estado,Err: mayúsc.=malo)
||/ Nombre            Versión      Arquitectura Descripción
+++-=================-============-============-=======================================
ii  libaprutil1:amd64 1.6.1-5      amd64        Apache Portable Runtime Utility Library

jose@sat1:~$ apt depends libaprutil1
libaprutil1
  Depende: libapr1 (>= 1.6.2)
  Depende: libc6 (>= 2.25)
  Depende: libcrypt1 (>= 1:4.1.0)
  Depende: libdb5.3
  Depende: libexpat1 (>= 2.0.1)
  Depende: libgdbm6 (>= 1.16)
  Depende: libssl1.1 (>= 1.1.0)
  Rompe: libapr1 (<< 1.4.8-2~)


jose@sat1:~$ apt rdepends libaprutil1
libaprutil1
Reverse Depends:
  Depende: libaprutil1-dbd-mysql (= 1.6.1-5+deb11u1)
  Depende: libapache2-mod-uwsgi (>= 1.2.7+dfsg)
  Depende: libapache2-mod-ruwsgi (>= 1.2.7+dfsg)
  Depende: mapcache-tools (>= 1.2.7+dfsg)
  Depende: mapcache-cgi (>= 1.2.7+dfsg)
  Depende: libmapcache1 (>= 1.4.0)
  Depende: libapache2-mod-mapcache (>= 1.2.7+dfsg)
  Depende: libaprutil1-ldap (= 1.6.1-5+deb11u1)
  Depende: libaprutil1-dev (= 1.6.1-5+deb11u1)
  Depende: libaprutil1-dbd-sqlite3 (= 1.6.1-5+deb11u1)
  Depende: libaprutil1-dbd-pgsql (= 1.6.1-5+deb11u1)
  Depende: libaprutil1-dbd-odbc (= 1.6.1-5+deb11u1)
  Depende: subversion (>= 1.3.2+dfsg)
  Depende: apache2-utils (>= 1.5.0)
  Depende: apache2-bin (>= 1.6.0)
  Depende: libwebauth12 (>= 1.2.7+dfsg)
  Depende: libapache2-mod-uwsgi (>= 1.2.7+dfsg)
  Depende: libapache2-mod-ruwsgi (>= 1.2.7+dfsg)
  Depende: fsvs (>= 1.2.7+dfsg)
  Depende: libsvn1 (>= 1.4.0)
  Depende: libapache2-mod-shib (>= 1.2.7+dfsg)
  Depende: libserf-1-1 (>= 1.2.7+dfsg)
  Depende: libapache2-mod-passenger (>= 1.2.7+dfsg)
  Depende: libapache2-mod-security2 (>= 1.4.0)
  Depende: mapcache-tools (>= 1.2.7+dfsg)
  Depende: mapcache-cgi (>= 1.2.7+dfsg)
  Depende: libmapcache1 (>= 1.4.0)
  Depende: libapache2-mod-mapcache (>= 1.2.7+dfsg)
  Depende: liblog4cxx11 (>= 1.2.7+dfsg)
  Depende: libapreq2-3 (>= 1.2.7+dfsg)
  Depende: libapache2-request-perl (>= 1.2.7+dfsg)
  Depende: libapache2-mod-apreq2 (>= 1.2.7+dfsg)
  Depende: libapr-memcache0 (>= 1.2.7+dfsg)
  Depende: libapache2-mod-qos (>= 1.2.7+dfsg)
  Depende: libapache2-mod-perl2 (>= 1.2.7+dfsg)
  Depende: libapache2-mod-auth-openid (>= 1.2.7+dfsg)
  Depende: kdevelop (>= 1.2.7+dfsg)
  Depende: kdesvn-kio-plugins (>= 1.2.7+dfsg)
  Depende: kdesvn (>= 1.2.7+dfsg)
  Depende: httest (>= 1.2.7+dfsg)
  Depende: libaprutil1-dbd-mysql (= 1.6.1-5)
  Depende: libaprutil1-ldap (= 1.6.1-5)
  Depende: libaprutil1-dev (= 1.6.1-5)
  Depende: libaprutil1-dbd-sqlite3 (= 1.6.1-5)
  Depende: libaprutil1-dbd-pgsql (= 1.6.1-5)
  Depende: libaprutil1-dbd-odbc (= 1.6.1-5)
  Depende: apache2-bin (>= 1.6.0)
  Depende: apache2-utils (>= 1.5.0)
jose@sat1:~$ dkg -l apache2-bin
Command 'dkg' not found, did you mean:
  command 'zkg' from deb zkg
  command 'dng' from deb openstructure
  command 'dlg' from deb pccts
  command 'dig' from deb bind9-dnsutils
  command 'dpkg' from deb dpkg
Try: apt install <deb name>
jose@sat1:~$ dpkg -l apache2-bin
Deseado=desconocido(U)/Instalar/eliminaR/Purgar/retener(H)
| Estado=No/Inst/ficheros-Conf/desempaqUetado/medio-conF/medio-inst(H)/espera-disparo(W)/pendienTe-disparo
|/ Err?=(ninguno)/requiere-Reinst (Estado,Err: mayúsc.=malo)
||/ Nombre         Versión          Arquitectura Descripción
+++-==============-================-============-===================================================
ii  apache2-bin    2.4.54-1~deb11u1 amd64        Apache HTTP Server (modules and other binary files)

